export const snapshot = {};

snapshot[`snapshot failure 1`] = `
{
  hello: "world!",
}
`;
